2025-12-02 13:52:43,228 - src.utils - INFO - Загрузка данных из data/operations.xlsx
2025-12-02 13:52:43,229 - src.utils - ERROR - Файл data/operations.xlsx не найден
2025-12-02 13:52:43,229 - __main__ - ERROR - Ошибка при выполнении демонстраций: Файл data/operations.xlsx не найден
2025-12-02 13:52:43,230 - src.views - INFO - Генерация главной страницы для даты: 2023-12-15 14:30:00
2025-12-02 13:52:43,230 - src.views - WARNING - Файл настроек не найден, используются настройки по умолчанию
2025-12-02 13:52:43,230 - src.utils - INFO - Загрузка данных из data/operations.xlsx
2025-12-02 13:52:43,231 - src.utils - ERROR - Файл data/operations.xlsx не найден
2025-12-02 13:52:43,231 - src.views - ERROR - Ошибка при генерации главной страницы: Файл data/operations.xlsx не найден
2025-12-02 13:52:43,233 - src.utils - INFO - Загрузка данных из data/operations.xlsx
2025-12-02 13:52:43,233 - src.utils - ERROR - Файл data/operations.xlsx не найден
2025-12-02 13:54:22,883 - src.utils - INFO - Загрузка данных из data/operations.xlsx
2025-12-02 13:54:22,884 - src.utils - ERROR - Файл data/operations.xlsx не найден
2025-12-02 13:54:22,884 - __main__ - ERROR - Ошибка при выполнении демонстраций: Файл data/operations.xlsx не найден
2025-12-02 13:54:22,884 - src.views - INFO - Генерация главной страницы для даты: 2023-12-15 14:30:00
2025-12-02 13:54:22,885 - src.views - WARNING - Файл настроек не найден, используются настройки по умолчанию
2025-12-02 13:54:22,885 - src.utils - INFO - Загрузка данных из data/operations.xlsx
2025-12-02 13:54:22,886 - src.utils - ERROR - Файл data/operations.xlsx не найден
2025-12-02 13:54:22,886 - src.views - ERROR - Ошибка при генерации главной страницы: Файл data/operations.xlsx не найден
2025-12-02 13:54:22,886 - src.utils - INFO - Загрузка данных из data/operations.xlsx
2025-12-02 13:54:22,887 - src.utils - ERROR - Файл data/operations.xlsx не найден
2025-12-02 14:04:06,772 - src.utils - INFO - Загрузка данных из data/operations.xlsx
2025-12-02 14:04:06,773 - src.utils - WARNING - Файл data/operations.xlsx не найден, создаем демо-данные
2025-12-02 14:04:06,773 - src.utils - INFO - Создание демонстрационных данных
2025-12-02 14:04:06,777 - src.utils - INFO - Создано 100 демо-транзакций
2025-12-02 14:04:06,777 - src.views - INFO - Генерация главной страницы для даты: 2023-12-15 14:30:00
2025-12-02 14:04:06,777 - src.views - WARNING - Файл настроек не найден, используются настройки по умолчанию
2025-12-02 14:04:06,777 - src.utils - INFO - Загрузка данных из data/operations.xlsx
2025-12-02 14:04:06,778 - src.utils - WARNING - Файл data/operations.xlsx не найден, создаем демо-данные
2025-12-02 14:04:06,778 - src.utils - INFO - Создание демонстрационных данных
2025-12-02 14:04:06,781 - src.utils - INFO - Создано 100 демо-транзакций
2025-12-02 14:04:06,784 - src.utils - INFO - Отфильтровано 14 транзакций за период M (2023-12-01 - 2023-12-15)
2025-12-02 14:04:06,792 - src.utils - INFO - Получение курсов валют: ['USD', 'EUR']
2025-12-02 14:04:06,792 - src.utils - INFO - Получение цен акций: ['AAPL', 'MSFT']
2025-12-02 14:04:06,795 - src.views - INFO - Главная страница успешно сгенерирована
2025-12-02 14:04:06,819 - src.services - INFO - Расчет инвесткопилки для 2023-12, лимит 50
2025-12-02 14:04:06,823 - src.services - INFO - Рассчитано для инвесткопилки: 0.00 руб. из 0 транзакций
2025-12-02 14:04:06,823 - src.services - INFO - Поиск транзакций по запросу: 'Супермаркеты'
2025-12-02 14:04:06,823 - src.services - INFO - Найдено 20 транзакций по запросу 'Супермаркеты'
2025-12-02 14:04:06,823 - src.reports - INFO - Генерация отчета 'Траты по дням недели'
2025-12-02 14:04:06,824 - src.reports - WARNING - Нет данных за период 2025-09-03 - 2025-12-02
2025-12-02 14:04:06,825 - src.reports - INFO - Отчет сохранен в файл: report_spending_by_weekday_20251202_140406.json
2025-12-02 14:08:24,750 - src.utils - INFO - Загрузка данных из data/operations.xlsx
2025-12-02 14:08:24,751 - src.utils - WARNING - Файл data/operations.xlsx не найден, создаем демо-данные
2025-12-02 14:08:24,751 - src.utils - INFO - Создание демонстрационных данных
2025-12-02 14:08:24,755 - src.utils - INFO - Создано 100 демо-транзакций за декабрь 2023
2025-12-02 14:08:24,756 - src.views - INFO - Генерация главной страницы для даты: 2023-12-15 14:30:00
2025-12-02 14:08:24,756 - src.views - WARNING - Файл настроек не найден, используются настройки по умолчанию
2025-12-02 14:08:24,756 - src.utils - INFO - Загрузка данных из data/operations.xlsx
2025-12-02 14:08:24,757 - src.utils - WARNING - Файл data/operations.xlsx не найден, создаем демо-данные
2025-12-02 14:08:24,757 - src.utils - INFO - Создание демонстрационных данных
2025-12-02 14:08:24,761 - src.utils - INFO - Создано 100 демо-транзакций за декабрь 2023
2025-12-02 14:08:24,763 - src.utils - INFO - Отфильтровано 56 транзакций за период M (2023-12-01 - 2023-12-15)
2025-12-02 14:08:24,771 - src.utils - INFO - Получение курсов валют: ['USD', 'EUR']
2025-12-02 14:08:24,771 - src.utils - INFO - Получение цен акций: ['AAPL', 'MSFT']
2025-12-02 14:08:24,774 - src.views - INFO - Главная страница успешно сгенерирована
2025-12-02 14:08:24,797 - src.services - INFO - Расчет инвесткопилки для 2023-12, лимит 10
2025-12-02 14:08:24,801 - src.services - INFO - Рассчитано для инвесткопилки: 75.00 руб. из 10 транзакций
2025-12-02 14:08:24,801 - src.services - INFO - Расчет инвесткопилки для 2023-12, лимит 50
2025-12-02 14:08:24,804 - src.services - INFO - Рассчитано для инвесткопилки: 375.00 руб. из 10 транзакций
2025-12-02 14:08:24,804 - src.services - INFO - Расчет инвесткопилки для 2023-12, лимит 100
2025-12-02 14:08:24,808 - src.services - INFO - Рассчитано для инвесткопилки: 2875.00 руб. из 50 транзакций
2025-12-02 14:08:24,808 - src.services - INFO - Поиск транзакций по запросу: 'Супермаркеты'
2025-12-02 14:08:24,808 - src.services - INFO - Найдено 16 транзакций по запросу 'Супермаркеты'
2025-12-02 14:08:24,808 - src.services - INFO - Поиск транзакций по запросу: 'Кафе'
2025-12-02 14:08:24,809 - src.services - INFO - Найдено 16 транзакций по запросу 'Кафе'
2025-12-02 14:08:24,809 - src.services - INFO - Поиск транзакций по запросу: 'Зарплата'
2025-12-02 14:08:24,809 - src.services - INFO - Найдено 20 транзакций по запросу 'Зарплата'
2025-12-02 14:08:24,809 - src.reports - INFO - Генерация отчета 'Траты по дням недели'
2025-12-02 14:08:24,823 - src.reports - INFO - Отчет 'Траты по дням недели' сгенерирован. Всего расходов: 193525.00 руб. за 51 транзакций
2025-12-02 14:08:24,824 - src.reports - INFO - Отчет сохранен в файл: report_spending_by_weekday_20251202_140824.json
2025-12-02 14:08:24,825 - src.views - INFO - Генерация главной страницы для даты: 2023-12-15 14:30:00
2025-12-02 14:08:24,825 - src.views - WARNING - Файл настроек не найден, используются настройки по умолчанию
2025-12-02 14:08:24,825 - src.utils - INFO - Загрузка данных из data/operations.xlsx
2025-12-02 14:08:24,826 - src.utils - WARNING - Файл data/operations.xlsx не найден, создаем демо-данные
2025-12-02 14:08:24,826 - src.utils - INFO - Создание демонстрационных данных
2025-12-02 14:08:24,829 - src.utils - INFO - Создано 100 демо-транзакций за декабрь 2023
2025-12-02 14:08:24,830 - src.utils - INFO - Отфильтровано 56 транзакций за период M (2023-12-01 - 2023-12-15)
2025-12-02 14:08:24,837 - src.utils - INFO - Получение курсов валют: ['USD', 'EUR']
2025-12-02 14:08:24,837 - src.utils - INFO - Получение цен акций: ['AAPL', 'MSFT']
2025-12-02 14:08:24,840 - src.views - INFO - Главная страница успешно сгенерирована
2025-12-02 14:08:24,840 - src.services - INFO - Расчет инвесткопилки для 2023-12, лимит 50
2025-12-02 14:08:24,844 - src.services - INFO - Рассчитано для инвесткопилки: 375.00 руб. из 10 транзакций
2025-12-02 14:08:24,844 - src.services - INFO - Поиск транзакций по запросу: 'Супермаркеты'
2025-12-02 14:08:24,844 - src.services - INFO - Найдено 16 транзакций по запросу 'Супермаркеты'
2025-12-02 14:08:24,844 - src.reports - INFO - Генерация отчета 'Траты по дням недели'
2025-12-02 14:08:24,857 - src.reports - INFO - Отчет 'Траты по дням недели' сгенерирован. Всего расходов: 193525.00 руб. за 51 транзакций
2025-12-02 14:08:24,858 - src.reports - INFO - Отчет сохранен в файл: report_spending_by_weekday_20251202_140824.json
2025-12-02 14:22:36,427 - src.utils - INFO - Загрузка данных из data/operations.xlsx
2025-12-02 14:22:36,429 - src.utils - WARNING - Файл data/operations.xlsx не найден, создаем демо-данные
2025-12-02 14:22:36,429 - src.utils - INFO - Создание демонстрационных данных
2025-12-02 14:22:36,432 - src.utils - INFO - Создано 100 демо-транзакций за декабрь 2023
2025-12-02 14:22:36,434 - src.views - INFO - Генерация главной страницы для даты: 2023-12-15 14:30:00
2025-12-02 14:22:36,434 - src.views - WARNING - Файл настроек не найден, используются настройки по умолчанию
2025-12-02 14:22:36,434 - src.utils - INFO - Загрузка данных из data/operations.xlsx
2025-12-02 14:22:36,435 - src.utils - WARNING - Файл data/operations.xlsx не найден, создаем демо-данные
2025-12-02 14:22:36,435 - src.utils - INFO - Создание демонстрационных данных
2025-12-02 14:22:36,438 - src.utils - INFO - Создано 100 демо-транзакций за декабрь 2023
2025-12-02 14:22:36,441 - src.utils - INFO - Отфильтровано 56 транзакций за период M (2023-12-01 - 2023-12-15)
2025-12-02 14:22:36,449 - src.utils - INFO - Получение курсов валют: ['USD', 'EUR']
2025-12-02 14:22:36,449 - src.utils - INFO - Получение цен акций: ['AAPL', 'MSFT']
2025-12-02 14:22:36,452 - src.views - INFO - Главная страница успешно сгенерирована
2025-12-02 14:22:36,476 - src.services - INFO - Расчет инвесткопилки для 2023-12, лимит 10
2025-12-02 14:22:36,497 - src.services - INFO - Рассчитано для инвесткопилки: 75.00 руб. из 10 транзакций
2025-12-02 14:22:36,497 - src.services - INFO - Расчет инвесткопилки для 2023-12, лимит 50
2025-12-02 14:22:36,501 - src.services - INFO - Рассчитано для инвесткопилки: 375.00 руб. из 10 транзакций
2025-12-02 14:22:36,506 - src.services - INFO - Расчет инвесткопилки для 2023-12, лимит 100
2025-12-02 14:22:36,511 - src.services - INFO - Рассчитано для инвесткопилки: 2875.00 руб. из 50 транзакций
2025-12-02 14:22:36,511 - src.services - INFO - Поиск транзакций по запросу: 'Супермаркеты'
2025-12-02 14:22:36,511 - src.services - INFO - Найдено 16 транзакций по запросу 'Супермаркеты'
2025-12-02 14:22:36,512 - src.services - INFO - Поиск транзакций по запросу: 'Кафе'
2025-12-02 14:22:36,512 - src.services - INFO - Найдено 16 транзакций по запросу 'Кафе'
2025-12-02 14:22:36,512 - src.services - INFO - Поиск транзакций по запросу: 'Зарплата'
2025-12-02 14:22:36,512 - src.services - INFO - Найдено 20 транзакций по запросу 'Зарплата'
2025-12-02 14:22:36,512 - src.reports - INFO - Генерация отчета 'Траты по дням недели'
2025-12-02 14:22:36,528 - src.reports - INFO - Отчет 'Траты по дням недели' сгенерирован. Всего расходов: 193525.00 руб. за 51 транзакций
2025-12-02 14:22:36,529 - src.reports - INFO - Отчет сохранен в файл: report_spending_by_weekday_20251202_142236.json
2025-12-02 14:22:36,530 - src.views - INFO - Генерация главной страницы для даты: 2023-12-15 14:30:00
2025-12-02 14:22:36,530 - src.views - WARNING - Файл настроек не найден, используются настройки по умолчанию
2025-12-02 14:22:36,530 - src.utils - INFO - Загрузка данных из data/operations.xlsx
2025-12-02 14:22:36,531 - src.utils - WARNING - Файл data/operations.xlsx не найден, создаем демо-данные
2025-12-02 14:22:36,531 - src.utils - INFO - Создание демонстрационных данных
2025-12-02 14:22:36,534 - src.utils - INFO - Создано 100 демо-транзакций за декабрь 2023
2025-12-02 14:22:36,535 - src.utils - INFO - Отфильтровано 56 транзакций за период M (2023-12-01 - 2023-12-15)
2025-12-02 14:22:36,542 - src.utils - INFO - Получение курсов валют: ['USD', 'EUR']
2025-12-02 14:22:36,543 - src.utils - INFO - Получение цен акций: ['AAPL', 'MSFT']
2025-12-02 14:22:36,546 - src.views - INFO - Главная страница успешно сгенерирована
2025-12-02 14:22:36,546 - src.services - INFO - Расчет инвесткопилки для 2023-12, лимит 50
2025-12-02 14:22:36,550 - src.services - INFO - Рассчитано для инвесткопилки: 375.00 руб. из 10 транзакций
2025-12-02 14:22:36,550 - src.services - INFO - Поиск транзакций по запросу: 'Супермаркеты'
2025-12-02 14:22:36,550 - src.services - INFO - Найдено 16 транзакций по запросу 'Супермаркеты'
2025-12-02 14:22:36,550 - src.reports - INFO - Генерация отчета 'Траты по дням недели'
2025-12-02 14:22:36,564 - src.reports - INFO - Отчет 'Траты по дням недели' сгенерирован. Всего расходов: 193525.00 руб. за 51 транзакций
2025-12-02 14:22:36,565 - src.reports - INFO - Отчет сохранен в файл: report_spending_by_weekday_20251202_142236.json
